[27-07-2025 11:59:42] [INFO] Estableciendo hora para 120363398386752890@g.us -> Sun Jul 27 2025 12:01:00 GMT-0600 (hora estándar central)
[27-07-2025 12:32:13] [INFO] ✅ Bot conectado correctamente
[27-07-2025 13:10:29] [INFO] ✅ Bot conectado correctamente
[27-07-2025 13:11:29] [DEBUG] 🧹 Iniciando limpieza a las Sun Jul 27 2025 13:11:29 GMT-0600 (hora estándar central)
[27-07-2025 13:11:29] [DEBUG] ✅ Limpieza finalizada en 22 ms
[27-07-2025 13:12:29] [DEBUG] 🧹 Iniciando limpieza a las Sun Jul 27 2025 13:12:29 GMT-0600 (hora estándar central)
[27-07-2025 13:12:29] [DEBUG] ✅ Limpieza finalizada en 1 ms
[27-07-2025 13:13:29] [DEBUG] 🧹 Iniciando limpieza a las Sun Jul 27 2025 13:13:29 GMT-0600 (hora estándar central)
[27-07-2025 13:13:29] [DEBUG] ✅ Limpieza finalizada en 1 ms
[29-07-2025 10:28:35] [INFO] ✅ Bot conectado correctamente
[29-07-2025 10:29:34] [DEBUG] 🧹 Iniciando limpieza a las Tue Jul 29 2025 10:29:34 GMT-0600 (hora estándar central)
[29-07-2025 10:29:34] [DEBUG] ✅ Limpieza finalizada en 76 ms
[29-07-2025 10:30:34] [DEBUG] 🧹 Iniciando limpieza a las Tue Jul 29 2025 10:30:34 GMT-0600 (hora estándar central)
[29-07-2025 10:30:34] [DEBUG] ✅ Limpieza finalizada en 0 ms
[29-07-2025 10:31:34] [DEBUG] 🧹 Iniciando limpieza a las Tue Jul 29 2025 10:31:34 GMT-0600 (hora estándar central)
[29-07-2025 10:31:34] [DEBUG] ✅ Limpieza finalizada en 0 ms
[29-07-2025 10:32:34] [DEBUG] 🧹 Iniciando limpieza a las Tue Jul 29 2025 10:32:34 GMT-0600 (hora estándar central)
[29-07-2025 10:32:34] [DEBUG] ✅ Limpieza finalizada en 1 ms
[29-07-2025 10:33:34] [DEBUG] 🧹 Iniciando limpieza a las Tue Jul 29 2025 10:33:34 GMT-0600 (hora estándar central)
[29-07-2025 10:33:34] [DEBUG] ✅ Limpieza finalizada en 1 ms
[29-07-2025 10:34:34] [DEBUG] 🧹 Iniciando limpieza a las Tue Jul 29 2025 10:34:34 GMT-0600 (hora estándar central)
[29-07-2025 10:34:34] [DEBUG] ✅ Limpieza finalizada en 0 ms
[29-07-2025 10:35:34] [DEBUG] 🧹 Iniciando limpieza a las Tue Jul 29 2025 10:35:34 GMT-0600 (hora estándar central)
[29-07-2025 10:35:34] [DEBUG] ✅ Limpieza finalizada en 0 ms
[29-07-2025 10:36:34] [DEBUG] 🧹 Iniciando limpieza a las Tue Jul 29 2025 10:36:34 GMT-0600 (hora estándar central)
[29-07-2025 10:36:34] [DEBUG] ✅ Limpieza finalizada en 1 ms
[29-07-2025 10:37:34] [DEBUG] 🧹 Iniciando limpieza a las Tue Jul 29 2025 10:37:34 GMT-0600 (hora estándar central)
[29-07-2025 10:37:34] [DEBUG] ✅ Limpieza finalizada en 0 ms
[29-07-2025 10:38:34] [DEBUG] 🧹 Iniciando limpieza a las Tue Jul 29 2025 10:38:34 GMT-0600 (hora estándar central)
[29-07-2025 10:38:34] [DEBUG] ✅ Limpieza finalizada en 1 ms
[29-07-2025 10:39:34] [DEBUG] 🧹 Iniciando limpieza a las Tue Jul 29 2025 10:39:34 GMT-0600 (hora estándar central)
[29-07-2025 10:39:34] [DEBUG] ✅ Limpieza finalizada en 1 ms
[29-07-2025 10:40:34] [DEBUG] 🧹 Iniciando limpieza a las Tue Jul 29 2025 10:40:34 GMT-0600 (hora estándar central)
[29-07-2025 10:40:34] [DEBUG] ✅ Limpieza finalizada en 0 ms
[29-07-2025 10:41:34] [DEBUG] 🧹 Iniciando limpieza a las Tue Jul 29 2025 10:41:34 GMT-0600 (hora estándar central)
[29-07-2025 10:41:34] [DEBUG] ✅ Limpieza finalizada en 1 ms
[29-07-2025 10:42:34] [DEBUG] 🧹 Iniciando limpieza a las Tue Jul 29 2025 10:42:34 GMT-0600 (hora estándar central)
[29-07-2025 10:42:34] [DEBUG] ✅ Limpieza finalizada en 1 ms
[29-07-2025 10:43:34] [DEBUG] 🧹 Iniciando limpieza a las Tue Jul 29 2025 10:43:34 GMT-0600 (hora estándar central)
[29-07-2025 10:43:34] [DEBUG] ✅ Limpieza finalizada en 0 ms
[29-07-2025 10:44:34] [DEBUG] 🧹 Iniciando limpieza a las Tue Jul 29 2025 10:44:34 GMT-0600 (hora estándar central)
[29-07-2025 10:44:34] [DEBUG] ✅ Limpieza finalizada en 1 ms
[29-07-2025 10:45:34] [DEBUG] 🧹 Iniciando limpieza a las Tue Jul 29 2025 10:45:34 GMT-0600 (hora estándar central)
[29-07-2025 10:45:34] [DEBUG] ✅ Limpieza finalizada en 1 ms
[29-07-2025 10:46:34] [DEBUG] 🧹 Iniciando limpieza a las Tue Jul 29 2025 10:46:34 GMT-0600 (hora estándar central)
[29-07-2025 10:46:34] [DEBUG] ✅ Limpieza finalizada en 0 ms
[29-07-2025 10:46:42] [ERROR] [MSG_ERROR] ReferenceError: messages is not defined
    at connectBot (C:\Users\Brandon Robles Varga\FUTBOT\index.js:65:19)
[29-07-2025 10:46:43] [INFO] ✅ Bot conectado correctamente
[29-07-2025 10:47:42] [DEBUG] 🧹 Iniciando limpieza a las Tue Jul 29 2025 10:47:42 GMT-0600 (hora estándar central)
[29-07-2025 10:47:42] [DEBUG] ✅ Limpieza finalizada en 22 ms
[29-07-2025 10:48:42] [DEBUG] 🧹 Iniciando limpieza a las Tue Jul 29 2025 10:48:42 GMT-0600 (hora estándar central)
[29-07-2025 10:48:42] [DEBUG] ✅ Limpieza finalizada en 1 ms
[29-07-2025 10:49:42] [DEBUG] 🧹 Iniciando limpieza a las Tue Jul 29 2025 10:49:42 GMT-0600 (hora estándar central)
[29-07-2025 10:49:42] [DEBUG] ✅ Limpieza finalizada en 0 ms
[29-07-2025 10:50:42] [DEBUG] 🧹 Iniciando limpieza a las Tue Jul 29 2025 10:50:42 GMT-0600 (hora estándar central)
[29-07-2025 10:50:42] [DEBUG] ✅ Limpieza finalizada en 1 ms
[29-07-2025 10:51:42] [DEBUG] 🧹 Iniciando limpieza a las Tue Jul 29 2025 10:51:42 GMT-0600 (hora estándar central)
[29-07-2025 10:51:42] [DEBUG] ✅ Limpieza finalizada en 0 ms
[29-07-2025 10:52:42] [DEBUG] 🧹 Iniciando limpieza a las Tue Jul 29 2025 10:52:42 GMT-0600 (hora estándar central)
[29-07-2025 10:52:42] [DEBUG] ✅ Limpieza finalizada en 0 ms
[29-07-2025 10:53:03] [INFO] ✅ Bot conectado correctamente
[29-07-2025 10:54:01] [DEBUG] 🧹 Iniciando limpieza a las Tue Jul 29 2025 10:54:01 GMT-0600 (hora estándar central)
[29-07-2025 10:54:01] [DEBUG] ✅ Limpieza finalizada en 21 ms
[29-07-2025 10:54:46] [DEBUG] ⏱️ obtenerHora ejecutado en 0 ms
[29-07-2025 10:55:00] [DEBUG] ⏱️ obtenerHora ejecutado en 0 ms
[29-07-2025 10:55:01] [DEBUG] 🧹 Iniciando limpieza a las Tue Jul 29 2025 10:55:01 GMT-0600 (hora estándar central)
[29-07-2025 10:55:01] [DEBUG] ✅ Limpieza finalizada en 1 ms
[29-07-2025 10:55:22] [DEBUG] ⏱️ obtenerHora ejecutado en 0 ms
[29-07-2025 10:55:41] [DEBUG] ⏱️ obtenerHora ejecutado en 0 ms
[29-07-2025 10:55:41] [INFO] 📅 Partido agendado en 120363398386752890@g.us para 29/7/2025, 11:00:00 a. m.
[29-07-2025 10:55:41] [DEBUG] ⏱️ establecerHora ejecutado en 0 ms
[29-07-2025 10:56:01] [DEBUG] 🧹 Iniciando limpieza a las Tue Jul 29 2025 10:56:01 GMT-0600 (hora estándar central)
[29-07-2025 10:56:01] [DEBUG] ✅ Limpieza finalizada en 1 ms
[29-07-2025 10:57:01] [DEBUG] 🧹 Iniciando limpieza a las Tue Jul 29 2025 10:57:01 GMT-0600 (hora estándar central)
[29-07-2025 10:57:01] [DEBUG] ✅ Limpieza finalizada en 1 ms
[29-07-2025 10:58:01] [DEBUG] 🧹 Iniciando limpieza a las Tue Jul 29 2025 10:58:01 GMT-0600 (hora estándar central)
[29-07-2025 10:58:01] [DEBUG] ✅ Limpieza finalizada en 0 ms
[29-07-2025 10:59:01] [DEBUG] 🧹 Iniciando limpieza a las Tue Jul 29 2025 10:59:01 GMT-0600 (hora estándar central)
[29-07-2025 10:59:01] [DEBUG] ✅ Limpieza finalizada en 0 ms
[29-07-2025 11:00:01] [DEBUG] 🧹 Iniciando limpieza a las Tue Jul 29 2025 11:00:01 GMT-0600 (hora estándar central)
[29-07-2025 11:00:01] [INFO] ⏰ Eliminando partido de 120363398386752890@g.us programado para Tue Jul 29 2025 11:00:00 GMT-0600 (hora estándar central)
[29-07-2025 11:00:01] [INFO] 🧹 Partido(s) eliminados automáticamente en 120363398386752890@g.us: 1
[29-07-2025 11:00:01] [DEBUG] 📭 Eliminada lista vacía de 120363398386752890@g.us
[29-07-2025 11:00:01] [DEBUG] ✅ Limpieza finalizada en 1 ms
[29-07-2025 11:01:01] [DEBUG] 🧹 Iniciando limpieza a las Tue Jul 29 2025 11:01:01 GMT-0600 (hora estándar central)
[29-07-2025 11:01:01] [DEBUG] ✅ Limpieza finalizada en 0 ms
